nftset=/speedtest.net/4#inet#fw4#vpn_domains
nftset=/kinopub.online/4#inet#fw4#vpn_domains
nftset=/kino.pub/4#inet#fw4#vpn_domains
nftset=/gofile.io/4#inet#fw4#vpn_domains
nftset=/zephyrnet.com/4#inet#fw4#vpn_domains
nftset=/test-ipv6.com/4#inet#fw4#vpn_domains
nftset=/mfpud.com/4#inet#fw4#vpn_domains
nftset=/pan.mfpud.com/4#inet#fw4#vpn_domains
nftset=/www.speedtest.net/4#inet#fw4#vpn_domains
nftset=/autodesk.com/4#inet#fw4#vpn_domains
nftset=/www.autodesk.com/4#inet#fw4#vpn_domains
nftset=/akamaiedge.net/4#inet#fw4#vpn_domains
nftset=/dsca.akamaiedge.net/4#inet#fw4#vpn_domains
nftset=/e17686.dsca.akamaiedge.net/4#inet#fw4#vpn_domains
nftset=/lime-technology.com/4#inet#fw4#vpn_domains
nftset=/keys.lime-technology.com/4#inet#fw4#vpn_domains
nftset=/autodesk360.com/4#inet#fw4#vpn_domains
nftset=/accounts.autodesk.com.cdn.cloudflare.net/4#inet#fw4#vpn_domains
nftset=/ui-dls360.autodesk.com/4#inet#fw4#vpn_domains
nftset=/signin.autodesk.com/4#inet#fw4#vpn_domains
nftset=/ase.autodesk.com/4#inet#fw4#vpn_domains
nftset=/malwarebytes.com/4#inet#fw4#vpn_domains
nftset=/downloads.malwarebytes.com/4#inet#fw4#vpn_domains
nftset=/data-cdn.mbamupdates.com/4#inet#fw4#vpn_domains
nftset=/openwrt.org/4#inet#fw4#vpn_domains
nftset=/downloads.openwrt.org/4#inet#fw4#vpn_domains
nftset=/fastly.net/4#inet#fw4#vpn_domains
nftset=/dualstack.j.sni.global.fastly.net/4#inet#fw4#vpn_domains
nftset=/yt3.ggpht.com/4#inet#fw4#vpn_domains
nftset=/yt4.ggpht.com/4#inet#fw4#vpn_domains
nftset=/stable.dl2.discordapp.net/4#inet#fw4#vpn_domains
nftset=/4pda.to/4#inet#fw4#vpn_domains
nftset=/4pda.ws/4#inet#fw4#vpn_domains
nftset=/habr.com/4#inet#fw4#vpn_domains
nftset=/openai.com/4#inet#fw4#vpn_domains
nftset=/chatgpt.com/4#inet#fw4#vpn_domains
nftset=/oaistatic.com/4#inet#fw4#vpn_domains
nftset=/oaiusercontent.com/4#inet#fw4#vpn_domains
nftset=/chat.com/4#inet#fw4#vpn_domains
nftset=/ai.com/4#inet#fw4#vpn_domains
nftset=/chat.openai.com.cdn.cloudflare.net/4#inet#fw4#vpn_domains
nftset=/production-openaicom-storage.azureedge.net/4#inet#fw4#vpn_domains
nftset=/x.ai/4#inet#fw4#vpn_domains
nftset=/grok.com/4#inet#fw4#vpn_domains
nftset=/notion.so/4#inet#fw4#vpn_domains
nftset=/notion.com/4#inet#fw4#vpn_domains
nftset=/notion.new/4#inet#fw4#vpn_domains
nftset=/notion.site/4#inet#fw4#vpn_domains
nftset=/notion-static.com/4#inet#fw4#vpn_domains
nftset=/notion-emojis.s3-us-west-2.amazonaws.com/4#inet#fw4#vpn_domains
nftset=/code.gist.build/4#inet#fw4#vpn_domains
nftset=/news.google.com/4#inet#fw4#vpn_domains
nftset=/suggestqueries.google.com/4#inet#fw4#vpn_domains
nftset=/lookerstudio.google.com/4#inet#fw4#vpn_domains
nftset=/proactivebackend-pa.googleapis.com/4#inet#fw4#vpn_domains
nftset=/intel.com/4#inet#fw4#vpn_domains
nftset=/intel.de/4#inet#fw4#vpn_domains
nftset=/intel.nl/4#inet#fw4#vpn_domains
nftset=/geolocation.onetrust.com/4#inet#fw4#vpn_domains
nftset=/hashicorp.com/4#inet#fw4#vpn_domains
nftset=/terraform.io/4#inet#fw4#vpn_domains
nftset=/vagrantcloud.com/4#inet#fw4#vpn_domains
nftset=/theaudiodb.com/4#inet#fw4#vpn_domains
nftset=/themoviedb.org/4#inet#fw4#vpn_domains
nftset=/tmdb.org/4#inet#fw4#vpn_domains
nftset=/tmdb.com/4#inet#fw4#vpn_domains
nftset=/image.tmdb.org/4#inet#fw4#vpn_domains
nftset=/api.themoviedb.org/4#inet#fw4#vpn_domains
nftset=/tmdb-image-prod.b-cdn.net/4#inet#fw4#vpn_domains
nftset=/jetbrains.com/4#inet#fw4#vpn_domains
nftset=/myjetbrains.com/4#inet#fw4#vpn_domains
nftset=/jetbrains.space/4#inet#fw4#vpn_domains
nftset=/api.jetbrains.ai/4#inet#fw4#vpn_domains
nftset=/youtrack.cloud/4#inet#fw4#vpn_domains
nftset=/toolbox.app/4#inet#fw4#vpn_domains
nftset=/supercell.com/4#inet#fw4#vpn_domains
nftset=/clashofclans.com/4#inet#fw4#vpn_domains
nftset=/brawlstarsgame.com/4#inet#fw4#vpn_domains
nftset=/clashroyaleapp.com/4#inet#fw4#vpn_domains
nftset=/squadbustersgame.com/4#inet#fw4#vpn_domains
nftset=/haydaygame.com/4#inet#fw4#vpn_domains
nftset=/copilot.microsoft.com/4#inet#fw4#vpn_domains
nftset=/designer.microsoft.com/4#inet#fw4#vpn_domains
nftset=/xsts.auth.xboxlive.com/4#inet#fw4#vpn_domains
nftset=/salesforce.com/4#inet#fw4#vpn_domains
nftset=/salesforceiq.com/4#inet#fw4#vpn_domains
nftset=/force.com/4#inet#fw4#vpn_domains
nftset=/force-user-content.com/4#inet#fw4#vpn_domains
nftset=/salesforce.com/4#inet#fw4#vpn_domains
nftset=/salesforceliveagent.com/4#inet#fw4#vpn_domains
nftset=/salesforce-experience.com/4#inet#fw4#vpn_domains
nftset=/salesforce-hub.com/4#inet#fw4#vpn_domains
nftset=/salesforce-scrt.com/4#inet#fw4#vpn_domains
nftset=/salesforce-setup.com/4#inet#fw4#vpn_domains
nftset=/salesforce-sites.com/4#inet#fw4#vpn_domains
nftset=/sfdcopens.com/4#inet#fw4#vpn_domains
nftset=/site.com/4#inet#fw4#vpn_domains
nftset=/trailblazer.me/4#inet#fw4#vpn_domains
nftset=/trailhead.com/4#inet#fw4#vpn_domains
nftset=/fast.com/4#inet#fw4#vpn_domains
nftset=/netflix.ca/4#inet#fw4#vpn_domains
nftset=/netflix.com/4#inet#fw4#vpn_domains
nftset=/netflix.net/4#inet#fw4#vpn_domains
nftset=/netflixinvestor.com/4#inet#fw4#vpn_domains
nftset=/netflixtechblog.com/4#inet#fw4#vpn_domains
nftset=/nflxext.com/4#inet#fw4#vpn_domains
nftset=/nflximg.com/4#inet#fw4#vpn_domains
nftset=/nflximg.net/4#inet#fw4#vpn_domains
nftset=/nflxsearch.net/4#inet#fw4#vpn_domains
nftset=/nflxso.net/4#inet#fw4#vpn_domains
nftset=/nflxvideo.net/4#inet#fw4#vpn_domains
nftset=/autodesk.com/4#inet#fw4#vpn_domains
nftset=/cdn.web-platform.io/4#inet#fw4#vpn_domains
nftset=/assets.heroku.com/4#inet#fw4#vpn_domains
nftset=/herokucdn.com/4#inet#fw4#vpn_domains
nftset=/gaming.amazon.com/4#inet#fw4#vpn_domains
nftset=/primevideo.com/4#inet#fw4#vpn_domains
nftset=/vmware.com/4#inet#fw4#vpn_domains
nftset=/download3.omnissa.com/4#inet#fw4#vpn_domains
nftset=/geforcenow.com/4#inet#fw4#vpn_domains
nftset=/gfn.am/4#inet#fw4#vpn_domains
nftset=/developer.nvidia.com/4#inet#fw4#vpn_domains
nftset=/install.launcher.omniverse.nvidia.com/4#inet#fw4#vpn_domains
nftset=/canva.dev/4#inet#fw4#vpn_domains
nftset=/canva.com/4#inet#fw4#vpn_domains
nftset=/kaleido.ai/4#inet#fw4#vpn_domains
nftset=/usher.ttvnw.net/4#inet#fw4#vpn_domains
nftset=/gql.twitch.tv/4#inet#fw4#vpn_domains
nftset=/parallels.com/4#inet#fw4#vpn_domains
nftset=/myparallels.com/4#inet#fw4#vpn_domains
nftset=/parallels.net/4#inet#fw4#vpn_domains
nftset=/parallels.cn/4#inet#fw4#vpn_domains
nftset=/parallelsaccess.com/4#inet#fw4#vpn_domains
nftset=/crunchyroll.com/4#inet#fw4#vpn_domains
nftset=/v.vrv.co/4#inet#fw4#vpn_domains
nftset=/vod-fy.crunchyrollcdn.com/4#inet#fw4#vpn_domains
nftset=/a-vrv.akamaized.net/4#inet#fw4#vpn_domains
nftset=/paddle.com/4#inet#fw4#vpn_domains
nftset=/paddlestatus.com/4#inet#fw4#vpn_domains
nftset=/profitwell.com/4#inet#fw4#vpn_domains
nftset=/paritydeals.com/4#inet#fw4#vpn_domains
nftset=/adobe.com/4#inet#fw4#vpn_domains
nftset=/servarr.com/4#inet#fw4#vpn_domains
nftset=/nba.com/4#inet#fw4#vpn_domains
nftset=/lambdalabs.com/4#inet#fw4#vpn_domains
nftset=/grafana.com/4#inet#fw4#vpn_domains
nftset=/xtracloud.net/4#inet#fw4#vpn_domains
nftset=/glpals.com/4#inet#fw4#vpn_domains
nftset=/gpsonextra.net/4#inet#fw4#vpn_domains
nftset=/reactflow.dev/4#inet#fw4#vpn_domains
nftset=/netlify.com/4#inet#fw4#vpn_domains
nftset=/bell-sw.com/4#inet#fw4#vpn_domains
nftset=/graylog.org/4#inet#fw4#vpn_domains
nftset=/spacelift.io/4#inet#fw4#vpn_domains
nftset=/ibm.com/4#inet#fw4#vpn_domains
nftset=/swagger.io/4#inet#fw4#vpn_domains
nftset=/smartbear.co/4#inet#fw4#vpn_domains
nftset=/snort.org/4#inet#fw4#vpn_domains
nftset=/redis.io/4#inet#fw4#vpn_domains
nftset=/redislabs.com/4#inet#fw4#vpn_domains
nftset=/snyk.io/4#inet#fw4#vpn_domains
nftset=/pingdom.com/4#inet#fw4#vpn_domains
nftset=/intuitibits.com/4#inet#fw4#vpn_domains
nftset=/cpu-monkey.com/4#inet#fw4#vpn_domains
nftset=/ocstore.com/4#inet#fw4#vpn_domains
nftset=/itninja.com/4#inet#fw4#vpn_domains
nftset=/smartdeploy.com/4#inet#fw4#vpn_domains
nftset=/docs.liquibase.com/4#inet#fw4#vpn_domains
nftset=/mongodb.com/4#inet#fw4#vpn_domains
nftset=/ai-chat.bsg.brave.com/4#inet#fw4#vpn_domains
nftset=/tsmc.com/4#inet#fw4#vpn_domains
nftset=/ti.com/4#inet#fw4#vpn_domains
nftset=/mouser.fi/4#inet#fw4#vpn_domains
nftset=/analog.com/4#inet#fw4#vpn_domains
nftset=/bestbuy.com/4#inet#fw4#vpn_domains
nftset=/alza.hu/4#inet#fw4#vpn_domains
nftset=/kinogo.la/4#inet#fw4#vpn_domains
nftset=/flir.com/4#inet#fw4#vpn_domains
nftset=/flir.eu/4#inet#fw4#vpn_domains
nftset=/claude.ai/4#inet#fw4#vpn_domains
nftset=/anthropic.com/4#inet#fw4#vpn_domains
nftset=/newsroom.porsche.com/4#inet#fw4#vpn_domains
nftset=/att.com/4#inet#fw4#vpn_domains
nftset=/middlewareinventory.com/4#inet#fw4#vpn_domains
nftset=/telemetr.io/4#inet#fw4#vpn_domains
nftset=/amazfitwatchfaces.com/4#inet#fw4#vpn_domains
nftset=/nitropdf.com/4#inet#fw4#vpn_domains
nftset=/solarwinds.com/4#inet#fw4#vpn_domains
nftset=/monoprice.com/4#inet#fw4#vpn_domains
nftset=/smartbear.com/4#inet#fw4#vpn_domains
nftset=/disctech.com/4#inet#fw4#vpn_domains
nftset=/cdw.com/4#inet#fw4#vpn_domains
nftset=/lidarr.audio/4#inet#fw4#vpn_domains
nftset=/medicalnewstoday.com/4#inet#fw4#vpn_domains
nftset=/healthline.com/4#inet#fw4#vpn_domains
nftset=/shinyhardware.co.uk/4#inet#fw4#vpn_domains
nftset=/daemon-tools.cc/4#inet#fw4#vpn_domains
nftset=/buf.build/4#inet#fw4#vpn_domains
nftset=/jamf.com/4#inet#fw4#vpn_domains
nftset=/tableau.com/4#inet#fw4#vpn_domains
nftset=/alphacoders.com/4#inet#fw4#vpn_domains
nftset=/zedge.net/4#inet#fw4#vpn_domains
nftset=/cats.com/4#inet#fw4#vpn_domains
nftset=/ldoceonline.com/4#inet#fw4#vpn_domains
nftset=/pcgamesn.com/4#inet#fw4#vpn_domains
nftset=/wikidot.com/4#inet#fw4#vpn_domains
nftset=/freeimages.com/4#inet#fw4#vpn_domains
nftset=/pexels.com/4#inet#fw4#vpn_domains
nftset=/flukenetworks.com/4#inet#fw4#vpn_domains
nftset=/surveymonkey.com/4#inet#fw4#vpn_domains
nftset=/f1.com/4#inet#fw4#vpn_domains
nftset=/formula1.com/4#inet#fw4#vpn_domains
nftset=/sdxcentral.com/4#inet#fw4#vpn_domains
nftset=/premierleague.com/4#inet#fw4#vpn_domains
nftset=/footballapi.pulselive.com/4#inet#fw4#vpn_domains
nftset=/hotels.com/4#inet#fw4#vpn_domains
nftset=/plugshare.com/4#inet#fw4#vpn_domains
nftset=/volkswagen-classic-parts.com/4#inet#fw4#vpn_domains
nftset=/bitdefender.com/4#inet#fw4#vpn_domains
nftset=/buymeacoffee.com/4#inet#fw4#vpn_domains
nftset=/prowlarr.com/4#inet#fw4#vpn_domains
nftset=/gofundme.com/4#inet#fw4#vpn_domains
nftset=/buanzo.org/4#inet#fw4#vpn_domains
nftset=/keysight.com/4#inet#fw4#vpn_domains
nftset=/nxp.com/4#inet#fw4#vpn_domains
nftset=/upwork.com/4#inet#fw4#vpn_domains
nftset=/nike.com/4#inet#fw4#vpn_domains
nftset=/adidas.com/4#inet#fw4#vpn_domains
nftset=/abercrombie.com/4#inet#fw4#vpn_domains
nftset=/hollisterco.com/4#inet#fw4#vpn_domains
nftset=/onshape.com/4#inet#fw4#vpn_domains
nftset=/newark.com/4#inet#fw4#vpn_domains
nftset=/elevenlabs.io/4#inet#fw4#vpn_domains
nftset=/lifehacker.com/4#inet#fw4#vpn_domains
nftset=/blinkshot.io/4#inet#fw4#vpn_domains
nftset=/weebly.com/4#inet#fw4#vpn_domains
nftset=/credly.com/4#inet#fw4#vpn_domains
nftset=/hostinger.com/4#inet#fw4#vpn_domains
nftset=/ngrok.com/4#inet#fw4#vpn_domains
nftset=/getoutline.com/4#inet#fw4#vpn_domains
nftset=/sephora.com/4#inet#fw4#vpn_domains
nftset=/guilded.gg/4#inet#fw4#vpn_domains
nftset=/shop.gameloft.com/4#inet#fw4#vpn_domains
nftset=/extremetech.com/4#inet#fw4#vpn_domains
nftset=/nfl.com/4#inet#fw4#vpn_domains
nftset=/mixcloud.com/4#inet#fw4#vpn_domains
nftset=/kmail-lists.com/4#inet#fw4#vpn_domains
nftset=/neo4j.com/4#inet#fw4#vpn_domains
nftset=/sora.com/4#inet#fw4#vpn_domains
nftset=/coingate.com/4#inet#fw4#vpn_domains
nftset=/global.fncstatic.com/4#inet#fw4#vpn_domains
nftset=/cvedetails.com/4#inet#fw4#vpn_domains
nftset=/ldoceonline.com/4#inet#fw4#vpn_domains
nftset=/broncosportforum.com/4#inet#fw4#vpn_domains
nftset=/lightning.ai/4#inet#fw4#vpn_domains
nftset=/timberland.de/4#inet#fw4#vpn_domains
nftset=/framer.com/4#inet#fw4#vpn_domains
nftset=/squareup.com/4#inet#fw4#vpn_domains
nftset=/research.net/4#inet#fw4#vpn_domains
nftset=/htmhell.dev/4#inet#fw4#vpn_domains
nftset=/carrefouruae.com/4#inet#fw4#vpn_domains
nftset=/synoforum.com/4#inet#fw4#vpn_domains
nftset=/wpengine.com/4#inet#fw4#vpn_domains
nftset=/webnames.ca/4#inet#fw4#vpn_domains
nftset=/veeam.com/4#inet#fw4#vpn_domains
nftset=/teamviewer.com/4#inet#fw4#vpn_domains
nftset=/flourish.studio/4#inet#fw4#vpn_domains
nftset=/groq.com/4#inet#fw4#vpn_domains
nftset=/walmart.com/4#inet#fw4#vpn_domains
nftset=/codeium.com/4#inet#fw4#vpn_domains
nftset=/digitalcontent.sky/4#inet#fw4#vpn_domains
nftset=/sky.com/4#inet#fw4#vpn_domains
nftset=/skycdp.com/4#inet#fw4#vpn_domains
nftset=/broadcom.com/4#inet#fw4#vpn_domains
nftset=/bitnami.com/4#inet#fw4#vpn_domains
nftset=/recraft.ai/4#inet#fw4#vpn_domains
nftset=/pkgs.tailscale.com/4#inet#fw4#vpn_domains
nftset=/builds.parsec.app/4#inet#fw4#vpn_domains
nftset=/public.parsec.app/4#inet#fw4#vpn_domains
nftset=/pcmag.com/4#inet#fw4#vpn_domains
nftset=/zapier.com/4#inet#fw4#vpn_domains
nftset=/ducati.com/4#inet#fw4#vpn_domains
nftset=/btod.com/4#inet#fw4#vpn_domains
nftset=/onfastspring.com/4#inet#fw4#vpn_domains
nftset=/chaos.com/4#inet#fw4#vpn_domains
nftset=/sketchup.com/4#inet#fw4#vpn_domains
nftset=/data-cdn.mbamupdates.com/4#inet#fw4#vpn_domains
nftset=/community.sophos.com/4#inet#fw4#vpn_domains
nftset=/intelix.sophos.com/4#inet#fw4#vpn_domains
nftset=/platform.activestate.com/4#inet#fw4#vpn_domains
nftset=/w.atwiki.jp/4#inet#fw4#vpn_domains
nftset=/www3.corsair.com/4#inet#fw4#vpn_domains
nftset=/groupon.com/4#inet#fw4#vpn_domains
nftset=/qt.io/4#inet#fw4#vpn_domains
nftset=/strava.com/4#inet#fw4#vpn_domains
nftset=/watermarkremover.io/4#inet#fw4#vpn_domains
nftset=/cdromance.org/4#inet#fw4#vpn_domains
nftset=/singlekey-id.com/4#inet#fw4#vpn_domains
nftset=/home-connect.com/4#inet#fw4#vpn_domains
nftset=/omnissa.com/4#inet#fw4#vpn_domains
nftset=/dell.com/4#inet#fw4#vpn_domains
nftset=/dellcdn.com/4#inet#fw4#vpn_domains
nftset=/cisco.com/4#inet#fw4#vpn_domains
nftset=/fluke.com/4#inet#fw4#vpn_domains
nftset=/iherb.com/4#inet#fw4#vpn_domains
nftset=/spotify.com/4#inet#fw4#vpn_domains
nftset=/widgetapp.stream/4#inet#fw4#vpn_domains
nftset=/weather.com/4#inet#fw4#vpn_domains
nftset=/typing.com/4#inet#fw4#vpn_domains
nftset=/remove.bg/4#inet#fw4#vpn_domains
nftset=/unscreen.com/4#inet#fw4#vpn_domains
nftset=/remna.st/4#inet#fw4#vpn_domains
nftset=/nordvpn.com/4#inet#fw4#vpn_domains
nftset=/nordaccount.com/4#inet#fw4#vpn_domains
nftset=/nordcdn.com/4#inet#fw4#vpn_domains
nftset=/ghostrc.game.idtech.services/4#inet#fw4#vpn_domains
nftset=/spitfireaudio.com/4#inet#fw4#vpn_domains
nftset=/uaudio.com/4#inet#fw4#vpn_domains
nftset=/support.xerox.com/4#inet#fw4#vpn_domains
nftset=/tutanota.com/4#inet#fw4#vpn_domains
nftset=/contabo.com/4#inet#fw4#vpn_domains
nftset=/forum.netgate.com/4#inet#fw4#vpn_domains
nftset=/talosintelligence.com/4#inet#fw4#vpn_domains
nftset=/tempmail.plus/4#inet#fw4#vpn_domains
nftset=/bitdefender.com/4#inet#fw4#vpn_domains
nftset=/corsair.com/4#inet#fw4#vpn_domains
nftset=/mattermost.com/4#inet#fw4#vpn_domains
nftset=/sentry.io/4#inet#fw4#vpn_domains
nftset=/sentry.dev/4#inet#fw4#vpn_domains
nftset=/torrenteditor.com/4#inet#fw4#vpn_domains
nftset=/ntp.msn.com/4#inet#fw4#vpn_domains
nftset=/oracle.com/4#inet#fw4#vpn_domains
nftset=/etsy.com/4#inet#fw4#vpn_domains
nftset=/myheritage.com/4#inet#fw4#vpn_domains
nftset=/mssg.me/4#inet#fw4#vpn_domains
nftset=/reve.art/4#inet#fw4#vpn_domains
nftset=/clip.opus.pro/4#inet#fw4#vpn_domains
nftset=/capacitorjs.com/4#inet#fw4#vpn_domains
nftset=/manus.im/4#inet#fw4#vpn_domains
nftset=/files.manus.cdn/4#inet#fw4#vpn_domains
nftset=/gpu-monkey.com/4#inet#fw4#vpn_domains
nftset=/amplitude.com/4#inet#fw4#vpn_domains
nftset=/clamav.net/4#inet#fw4#vpn_domains
nftset=/max.com/4#inet#fw4#vpn_domains
nftset=/disneyplus.com/4#inet#fw4#vpn_domains
nftset=/hbomax.com/4#inet#fw4#vpn_domains
nftset=/primevideo.com/4#inet#fw4#vpn_domains
nftset=/vyos.io/4#inet#fw4#vpn_domains
nftset=/watchguard.com/4#inet#fw4#vpn_domains
nftset=/truthsocial.com/4#inet#fw4#vpn_domains
nftset=/spiceworks.com/4#inet#fw4#vpn_domains
nftset=/windsurf.com/4#inet#fw4#vpn_domains
nftset=/flyertalk.com/4#inet#fw4#vpn_domains
nftset=/techbargains.com/4#inet#fw4#vpn_domains
nftset=/bosch.com/4#inet#fw4#vpn_domains
nftset=/boschautoparts.com/4#inet#fw4#vpn_domains
nftset=/boschaftermarket.com/4#inet#fw4#vpn_domains
nftset=/langdock.com/4#inet#fw4#vpn_domains
nftset=/mailinator.com/4#inet#fw4#vpn_domains
nftset=/marvelsnap.com/4#inet#fw4#vpn_domains
nftset=/seconddinnertech.com/4#inet#fw4#vpn_domains
nftset=/snapgametech.com/4#inet#fw4#vpn_domains
nftset=/fxnetworks.com/4#inet#fw4#vpn_domains
nftset=/deepl.com/4#inet#fw4#vpn_domains
nftset=/citrix.com/4#inet#fw4#vpn_domains
nftset=/cisecurity.org/4#inet#fw4#vpn_domains
nftset=/home.by.me/4#inet#fw4#vpn_domains
nftset=/penguinrandomhouse.com/4#inet#fw4#vpn_domains
nftset=/metopera.org/4#inet#fw4#vpn_domains
nftset=/penguin.com/4#inet#fw4#vpn_domains
nftset=/semrush.com/4#inet#fw4#vpn_domains
nftset=/ikea.com/4#inet#fw4#vpn_domains
nftset=/filebin.net/4#inet#fw4#vpn_domains
nftset=/andrevi.ch/4#inet#fw4#vpn_domains
nftset=/ansys.com/4#inet#fw4#vpn_domains
nftset=/clickup.com/4#inet#fw4#vpn_domains
nftset=/mailerlite.com/4#inet#fw4#vpn_domains
nftset=/hc-ping.com/4#inet#fw4#vpn_domains
nftset=/hchk.io/4#inet#fw4#vpn_domains
nftset=/expandrive.com/4#inet#fw4#vpn_domains
nftset=/editorx.com/4#inet#fw4#vpn_domains
nftset=/myqrcode.com/4#inet#fw4#vpn_domains
nftset=/openrouter.ai/4#inet#fw4#vpn_domains
nftset=/trae.ai/4#inet#fw4#vpn_domains
nftset=/yeggi.com/4#inet#fw4#vpn_domains
nftset=/wbgames.com/4#inet#fw4#vpn_domains
nftset=/openh264.org/4#inet#fw4#vpn_domains
nftset=/wunderground.com/4#inet#fw4#vpn_domains
nftset=/intuit.com/4#inet#fw4#vpn_domains
nftset=/deezer.com/4#inet#fw4#vpn_domains
nftset=/spotify.com/4#inet#fw4#vpn_domains
nftset=/imgur.com/4#inet#fw4#vpn_domains
nftset=/app.zerossl.com/4#inet#fw4#vpn_domains
nftset=/snapgene.com/4#inet#fw4#vpn_domains
nftset=/miracleptr.wordpress.com/4#inet#fw4#vpn_domains
nftset=/uizard.io/4#inet#fw4#vpn_domains
nftset=/grizzlysms.com/4#inet#fw4#vpn_domains
nftset=/lgthinq.com/4#inet#fw4#vpn_domains
nftset=/lgeapi.com/4#inet#fw4#vpn_domains
nftset=/data.cline.bot/4#inet#fw4#vpn_domains
nftset=/exchanger.bits.media/4#inet#fw4#vpn_domains
nftset=/tidal.com/4#inet#fw4#vpn_domains
nftset=/pandasecurity.com/4#inet#fw4#vpn_domains
nftset=/manybooks.net/4#inet#fw4#vpn_domains
nftset=/netapp.com/4#inet#fw4#vpn_domains
nftset=/gamestop.com/4#inet#fw4#vpn_domains
nftset=/g2a.com/4#inet#fw4#vpn_domains
nftset=/eneba.com/4#inet#fw4#vpn_domains
nftset=/genspark.ai/4#inet#fw4#vpn_domains
nftset=/arc.net/4#inet#fw4#vpn_domains
nftset=/clevelandclinic.org/4#inet#fw4#vpn_domains
nftset=/housebrand.com/4#inet#fw4#vpn_domains
nftset=/devexpress.com/4#inet#fw4#vpn_domains
nftset=/quicknode.com/4#inet#fw4#vpn_domains
nftset=/dyson.com/4#inet#fw4#vpn_domains
nftset=/easydmarc.com/4#inet#fw4#vpn_domains
nftset=/hume.ai/4#inet#fw4#vpn_domains
nftset=/hybrid-analysis.com/4#inet#fw4#vpn_domains
nftset=/posthog.com/4#inet#fw4#vpn_domains
nftset=/qwant.com/4#inet#fw4#vpn_domains
nftset=/tria.ge/4#inet#fw4#vpn_domains
nftset=/akc.org/4#inet#fw4#vpn_domains
nftset=/aircanada.com/4#inet#fw4#vpn_domains
nftset=/connect.ngrok-agent.com/4#inet#fw4#vpn_domains
nftset=/diabrowser.com/4#inet#fw4#vpn_domains
nftset=/siteground.com/4#inet#fw4#vpn_domains
nftset=/indeed.com/4#inet#fw4#vpn_domains
nftset=/sonara.ai/4#inet#fw4#vpn_domains
nftset=/atlassian.com/4#inet#fw4#vpn_domains
nftset=/netacad.com/4#inet#fw4#vpn_domains
nftset=/transferwise.com/4#inet#fw4#vpn_domains
nftset=/wise.com/4#inet#fw4#vpn_domains
nftset=/mouser.com/4#inet#fw4#vpn_domains
nftset=/xiaomi.eu/4#inet#fw4#vpn_domains
nftset=/arduino.cc/4#inet#fw4#vpn_domains
nftset=/legalshield.com/4#inet#fw4#vpn_domains
nftset=/new.abb.com/4#inet#fw4#vpn_domains
nftset=/swapd.co/4#inet#fw4#vpn_domains
nftset=/qualcomm.com/4#inet#fw4#vpn_domains
nftset=/support.anydesk.com/4#inet#fw4#vpn_domains
nftset=/document360.io/4#inet#fw4#vpn_domains
nftset=/document360.com/4#inet#fw4#vpn_domains
nftset=/augmentcode.com/4#inet#fw4#vpn_domains
nftset=/klarna.com/4#inet#fw4#vpn_domains
nftset=/mintmobile.com/4#inet#fw4#vpn_domains
nftset=/lyst.com/4#inet#fw4#vpn_domains
nftset=/affinity.studio/4#inet#fw4#vpn_domains
nftset=/x-minus.pro/4#inet#fw4#vpn_domains
nftset=/primark.com/4#inet#fw4#vpn_domains
nftset=/octopus.do/4#inet#fw4#vpn_domains
nftset=/all3dp.com/4#inet#fw4#vpn_domains
nftset=/instagram.com/4#inet#fw4#vpn_domains
nftset=/ig.me/4#inet#fw4#vpn_domains
nftset=/facebook.com/4#inet#fw4#vpn_domains
nftset=/facebook.net/4#inet#fw4#vpn_domains
nftset=/cdninstagram.com/4#inet#fw4#vpn_domains
nftset=/fbcdn.net/4#inet#fw4#vpn_domains
nftset=/fbsbx.com/4#inet#fw4#vpn_domains
nftset=/internalfb.com/4#inet#fw4#vpn_domains
nftset=/oculus.com/4#inet#fw4#vpn_domains
nftset=/meta.com/4#inet#fw4#vpn_domains
nftset=/threads.net/4#inet#fw4#vpn_domains
nftset=/fb.com/4#inet#fw4#vpn_domains
nftset=/whatsapp.com/4#inet#fw4#vpn_domains
nftset=/whatsapp.net/4#inet#fw4#vpn_domains
nftset=/whatsapp.biz/4#inet#fw4#vpn_domains
nftset=/wa.me/4#inet#fw4#vpn_domains
nftset=/circlecrewpinkcrowd.com/4#inet#fw4#vpn_domains
nftset=/byteoversea.com/4#inet#fw4#vpn_domains
nftset=/ibytedtos.com/4#inet#fw4#vpn_domains
nftset=/muscdn.com/4#inet#fw4#vpn_domains
nftset=/musical.ly/4#inet#fw4#vpn_domains
nftset=/tik-tokapi.com/4#inet#fw4#vpn_domains
nftset=/tiktok.com/4#inet#fw4#vpn_domains
nftset=/tiktokcdn-us.com/4#inet#fw4#vpn_domains
nftset=/tiktokcdn-eu.com/4#inet#fw4#vpn_domains
nftset=/tiktokcdn.com/4#inet#fw4#vpn_domains
nftset=/tiktokd.net/4#inet#fw4#vpn_domains
nftset=/tiktokd.org/4#inet#fw4#vpn_domains
nftset=/tiktokv.com/4#inet#fw4#vpn_domains
nftset=/tiktokv.us/4#inet#fw4#vpn_domains
nftset=/tiktokw.us/4#inet#fw4#vpn_domains
nftset=/ttwstatic.com/4#inet#fw4#vpn_domains
nftset=/tiktokv.eu/4#inet#fw4#vpn_domains
nftset=/cdn-telegram.org/4#inet#fw4#vpn_domains
nftset=/comments.app/4#inet#fw4#vpn_domains
nftset=/contest.com/4#inet#fw4#vpn_domains
nftset=/fragment.com/4#inet#fw4#vpn_domains
nftset=/graph.org/4#inet#fw4#vpn_domains
nftset=/quiz.directory/4#inet#fw4#vpn_domains
nftset=/t.me/4#inet#fw4#vpn_domains
nftset=/tdesktop.com/4#inet#fw4#vpn_domains
nftset=/telega.one/4#inet#fw4#vpn_domains
nftset=/telegra.ph/4#inet#fw4#vpn_domains
nftset=/telegram-cdn.org/4#inet#fw4#vpn_domains
nftset=/telegram.dog/4#inet#fw4#vpn_domains
nftset=/telegram.me/4#inet#fw4#vpn_domains
nftset=/telegram.org/4#inet#fw4#vpn_domains
nftset=/telegram.space/4#inet#fw4#vpn_domains
nftset=/telesco.pe/4#inet#fw4#vpn_domains
nftset=/tg.dev/4#inet#fw4#vpn_domains
nftset=/tx.me/4#inet#fw4#vpn_domains
nftset=/usercontent.dev/4#inet#fw4#vpn_domains
nftset=/googlevideo.com/4#inet#fw4#vpn_domains
nftset=/youtubei.googleapis.com/4#inet#fw4#vpn_domains
nftset=/ytimg.com/4#inet#fw4#vpn_domains
nftset=/yt3.ggpht.com/4#inet#fw4#vpn_domains
nftset=/yt4.ggpht.com/4#inet#fw4#vpn_domains
nftset=/youtube.com/4#inet#fw4#vpn_domains
nftset=/youtubeembeddedplayer.googleapis.com/4#inet#fw4#vpn_domains
nftset=/ytimg.l.google.com/4#inet#fw4#vpn_domains
nftset=/jnn-pa.googleapis.com/4#inet#fw4#vpn_domains
nftset=/youtube-nocookie.com/4#inet#fw4#vpn_domains
nftset=/youtube-ui.l.google.com/4#inet#fw4#vpn_domains
nftset=/yt-video-upload.l.google.com/4#inet#fw4#vpn_domains
nftset=/wide-youtube.l.google.com/4#inet#fw4#vpn_domains
nftset=/youtu.be/4#inet#fw4#vpn_domains
nftset=/youtube.googleapis.com/4#inet#fw4#vpn_domains
nftset=/yt.be/4#inet#fw4#vpn_domains
nftset=/withyoutube.com/4#inet#fw4#vpn_domains
nftset=/youtubeeducation.com/4#inet#fw4#vpn_domains
nftset=/youtubefanfest.com/4#inet#fw4#vpn_domains
nftset=/youtubegaming.com/4#inet#fw4#vpn_domains
nftset=/youtubekids.com/4#inet#fw4#vpn_domains
nftset=/youtubemobilesupport.com/4#inet#fw4#vpn_domains
nftset=/youtube.ae/4#inet#fw4#vpn_domains
nftset=/youtube.al/4#inet#fw4#vpn_domains
nftset=/youtube.am/4#inet#fw4#vpn_domains
nftset=/youtube.at/4#inet#fw4#vpn_domains
nftset=/youtube.az/4#inet#fw4#vpn_domains
nftset=/youtube.ba/4#inet#fw4#vpn_domains
nftset=/youtube.be/4#inet#fw4#vpn_domains
nftset=/youtube.bg/4#inet#fw4#vpn_domains
nftset=/youtube.bh/4#inet#fw4#vpn_domains
nftset=/youtube.bo/4#inet#fw4#vpn_domains
nftset=/youtube.by/4#inet#fw4#vpn_domains
nftset=/youtube.ca/4#inet#fw4#vpn_domains
nftset=/youtube.cat/4#inet#fw4#vpn_domains
nftset=/youtube.ch/4#inet#fw4#vpn_domains
nftset=/youtube.cl/4#inet#fw4#vpn_domains
nftset=/youtube.co/4#inet#fw4#vpn_domains
nftset=/youtube.co.ae/4#inet#fw4#vpn_domains
nftset=/youtube.co.at/4#inet#fw4#vpn_domains
nftset=/youtube.co.cr/4#inet#fw4#vpn_domains
nftset=/youtube.co.hu/4#inet#fw4#vpn_domains
nftset=/youtube.co.id/4#inet#fw4#vpn_domains
nftset=/youtube.co.il/4#inet#fw4#vpn_domains
nftset=/youtube.co.in/4#inet#fw4#vpn_domains
nftset=/youtube.co.jp/4#inet#fw4#vpn_domains
nftset=/youtube.co.ke/4#inet#fw4#vpn_domains
nftset=/youtube.co.kr/4#inet#fw4#vpn_domains
nftset=/youtube.co.ma/4#inet#fw4#vpn_domains
nftset=/youtube.co.nz/4#inet#fw4#vpn_domains
nftset=/youtube.co.th/4#inet#fw4#vpn_domains
nftset=/youtube.co.tz/4#inet#fw4#vpn_domains
nftset=/youtube.co.ug/4#inet#fw4#vpn_domains
nftset=/youtube.co.uk/4#inet#fw4#vpn_domains
nftset=/youtube.co.ve/4#inet#fw4#vpn_domains
nftset=/youtube.co.za/4#inet#fw4#vpn_domains
nftset=/youtube.co.zw/4#inet#fw4#vpn_domains
nftset=/youtube.com.ar/4#inet#fw4#vpn_domains
nftset=/youtube.com.au/4#inet#fw4#vpn_domains
nftset=/youtube.com.az/4#inet#fw4#vpn_domains
nftset=/youtube.com.bd/4#inet#fw4#vpn_domains
nftset=/youtube.com.bh/4#inet#fw4#vpn_domains
nftset=/youtube.com.bo/4#inet#fw4#vpn_domains
nftset=/youtube.com.br/4#inet#fw4#vpn_domains
nftset=/youtube.com.by/4#inet#fw4#vpn_domains
nftset=/youtube.com.co/4#inet#fw4#vpn_domains
nftset=/youtube.com.do/4#inet#fw4#vpn_domains
nftset=/youtube.com.ec/4#inet#fw4#vpn_domains
nftset=/youtube.com.ee/4#inet#fw4#vpn_domains
nftset=/youtube.com.eg/4#inet#fw4#vpn_domains
nftset=/youtube.com.es/4#inet#fw4#vpn_domains
nftset=/youtube.com.gh/4#inet#fw4#vpn_domains
nftset=/youtube.com.gr/4#inet#fw4#vpn_domains
nftset=/youtube.com.gt/4#inet#fw4#vpn_domains
nftset=/youtube.com.hk/4#inet#fw4#vpn_domains
nftset=/youtube.com.hn/4#inet#fw4#vpn_domains
nftset=/youtube.com.hr/4#inet#fw4#vpn_domains
nftset=/youtube.com.jm/4#inet#fw4#vpn_domains
nftset=/youtube.com.jo/4#inet#fw4#vpn_domains
nftset=/youtube.com.kw/4#inet#fw4#vpn_domains
nftset=/youtube.com.lb/4#inet#fw4#vpn_domains
nftset=/youtube.com.lv/4#inet#fw4#vpn_domains
nftset=/youtube.com.ly/4#inet#fw4#vpn_domains
nftset=/youtube.com.mk/4#inet#fw4#vpn_domains
nftset=/youtube.com.mt/4#inet#fw4#vpn_domains
nftset=/youtube.com.mx/4#inet#fw4#vpn_domains
nftset=/youtube.com.my/4#inet#fw4#vpn_domains
nftset=/youtube.com.ng/4#inet#fw4#vpn_domains
nftset=/youtube.com.ni/4#inet#fw4#vpn_domains
nftset=/youtube.com.om/4#inet#fw4#vpn_domains
nftset=/youtube.com.pa/4#inet#fw4#vpn_domains
nftset=/youtube.com.pe/4#inet#fw4#vpn_domains
nftset=/youtube.com.ph/4#inet#fw4#vpn_domains
nftset=/youtube.com.pk/4#inet#fw4#vpn_domains
nftset=/youtube.com.pt/4#inet#fw4#vpn_domains
nftset=/youtube.com.py/4#inet#fw4#vpn_domains
nftset=/youtube.com.qa/4#inet#fw4#vpn_domains
nftset=/youtube.com.ro/4#inet#fw4#vpn_domains
nftset=/youtube.com.sa/4#inet#fw4#vpn_domains
nftset=/youtube.com.sg/4#inet#fw4#vpn_domains
nftset=/youtube.com.sv/4#inet#fw4#vpn_domains
nftset=/youtube.com.tn/4#inet#fw4#vpn_domains
nftset=/youtube.com.tr/4#inet#fw4#vpn_domains
nftset=/youtube.com.tw/4#inet#fw4#vpn_domains
nftset=/youtube.com.ua/4#inet#fw4#vpn_domains
nftset=/youtube.com.uy/4#inet#fw4#vpn_domains
nftset=/youtube.com.ve/4#inet#fw4#vpn_domains
nftset=/youtube.cr/4#inet#fw4#vpn_domains
nftset=/youtube.cz/4#inet#fw4#vpn_domains
nftset=/youtube.de/4#inet#fw4#vpn_domains
nftset=/youtube.dk/4#inet#fw4#vpn_domains
nftset=/youtube.ee/4#inet#fw4#vpn_domains
nftset=/youtube.es/4#inet#fw4#vpn_domains
nftset=/youtube.fi/4#inet#fw4#vpn_domains
nftset=/youtube.fr/4#inet#fw4#vpn_domains
nftset=/youtube.ge/4#inet#fw4#vpn_domains
nftset=/youtube.gr/4#inet#fw4#vpn_domains
nftset=/youtube.gt/4#inet#fw4#vpn_domains
nftset=/youtube.hk/4#inet#fw4#vpn_domains
nftset=/youtube.hr/4#inet#fw4#vpn_domains
nftset=/youtube.hu/4#inet#fw4#vpn_domains
nftset=/youtube.ie/4#inet#fw4#vpn_domains
nftset=/youtube.in/4#inet#fw4#vpn_domains
nftset=/youtube.iq/4#inet#fw4#vpn_domains
nftset=/youtube.is/4#inet#fw4#vpn_domains
nftset=/youtube.it/4#inet#fw4#vpn_domains
nftset=/youtube.jo/4#inet#fw4#vpn_domains
nftset=/youtube.jp/4#inet#fw4#vpn_domains
nftset=/youtube.kr/4#inet#fw4#vpn_domains
nftset=/youtube.kz/4#inet#fw4#vpn_domains
nftset=/youtube.la/4#inet#fw4#vpn_domains
nftset=/youtube.lk/4#inet#fw4#vpn_domains
nftset=/youtube.lt/4#inet#fw4#vpn_domains
nftset=/youtube.lu/4#inet#fw4#vpn_domains
nftset=/youtube.lv/4#inet#fw4#vpn_domains
nftset=/youtube.ly/4#inet#fw4#vpn_domains
nftset=/youtube.ma/4#inet#fw4#vpn_domains
nftset=/youtube.md/4#inet#fw4#vpn_domains
nftset=/youtube.me/4#inet#fw4#vpn_domains
nftset=/youtube.mk/4#inet#fw4#vpn_domains
nftset=/youtube.mn/4#inet#fw4#vpn_domains
nftset=/youtube.mx/4#inet#fw4#vpn_domains
nftset=/youtube.my/4#inet#fw4#vpn_domains
nftset=/youtube.ng/4#inet#fw4#vpn_domains
nftset=/youtube.ni/4#inet#fw4#vpn_domains
nftset=/youtube.nl/4#inet#fw4#vpn_domains
nftset=/youtube.no/4#inet#fw4#vpn_domains
nftset=/youtube.pa/4#inet#fw4#vpn_domains
nftset=/youtube.pe/4#inet#fw4#vpn_domains
nftset=/youtube.ph/4#inet#fw4#vpn_domains
nftset=/youtube.pk/4#inet#fw4#vpn_domains
nftset=/youtube.pl/4#inet#fw4#vpn_domains
nftset=/youtube.pr/4#inet#fw4#vpn_domains
nftset=/youtube.pt/4#inet#fw4#vpn_domains
nftset=/youtube.qa/4#inet#fw4#vpn_domains
nftset=/youtube.ro/4#inet#fw4#vpn_domains
nftset=/youtube.rs/4#inet#fw4#vpn_domains
nftset=/youtube.ru/4#inet#fw4#vpn_domains
nftset=/youtube.sa/4#inet#fw4#vpn_domains
nftset=/youtube.se/4#inet#fw4#vpn_domains
nftset=/youtube.sg/4#inet#fw4#vpn_domains
nftset=/youtube.si/4#inet#fw4#vpn_domains
nftset=/youtube.sk/4#inet#fw4#vpn_domains
nftset=/youtube.sn/4#inet#fw4#vpn_domains
nftset=/youtube.soy/4#inet#fw4#vpn_domains
nftset=/youtube.sv/4#inet#fw4#vpn_domains
nftset=/youtube.tn/4#inet#fw4#vpn_domains
nftset=/youtube.tv/4#inet#fw4#vpn_domains
nftset=/youtube.ua/4#inet#fw4#vpn_domains
nftset=/youtube.ug/4#inet#fw4#vpn_domains
nftset=/youtube.uy/4#inet#fw4#vpn_domains
nftset=/youtube.vn/4#inet#fw4#vpn_domains
nftset=/youtubego.co.id/4#inet#fw4#vpn_domains
nftset=/youtubego.co.in/4#inet#fw4#vpn_domains
nftset=/youtubego.com/4#inet#fw4#vpn_domains
nftset=/youtubego.com.br/4#inet#fw4#vpn_domains
nftset=/youtubego.id/4#inet#fw4#vpn_domains
nftset=/youtubego.in/4#inet#fw4#vpn_domains
nftset=/youtube.com/4#inet#fw4#vpn_domains
nftset=/ytimg.com/4#inet#fw4#vpn_domains
nftset=/yting.com/4#inet#fw4#vpn_domains
nftset=/ggpht.com/4#inet#fw4#vpn_domains
nftset=/googlevideo.com/4#inet#fw4#vpn_domains
nftset=/youtubekids.com/4#inet#fw4#vpn_domains
nftset=/youtu.be/4#inet#fw4#vpn_domains
nftset=/yt.be/4#inet#fw4#vpn_domains
nftset=/youtube-nocookie.com/4#inet#fw4#vpn_domains
nftset=/wide-youtube.l.google.com/4#inet#fw4#vpn_domains
nftset=/ytimg.l.google.com/4#inet#fw4#vpn_domains
nftset=/youtubei.googleapis.com/4#inet#fw4#vpn_domains
nftset=/youtubeembeddedplayer.googleapis.com/4#inet#fw4#vpn_domains
nftset=/youtube-ui.l.google.com/4#inet#fw4#vpn_domains
nftset=/yt-video-upload.l.google.com/4#inet#fw4#vpn_domains
nftset=/jnn-pa.googleapis.com/4#inet#fw4#vpn_domains
nftset=/returnyoutubedislikeapi.com/4#inet#fw4#vpn_domains
nftset=/yt3.googleusercontent.com/4#inet#fw4#vpn_domains
